[2026-08-01T18:44:12.225198Z] [ingest] Ingest tick — brands=['ora', 'grissom', 'familybook'] dry_run=False
[2026-08-01T18:44:12.226030Z] [ingest] [ora] summary: {'drafts': 0, 'blocks': 0, 'wrote': 0, 'skipped': 0, 'invalid': 0}
[2026-08-01T18:44:12.226270Z] [ingest] [grissom] summary: {'drafts': 0, 'blocks': 0, 'wrote': 0, 'skipped': 0, 'invalid': 0}
[2026-08-01T18:44:12.226501Z] [ingest] [familybook] summary: {'drafts': 0, 'blocks': 0, 'wrote': 0, 'skipped': 0, 'invalid': 0}
[2026-08-01T18:44:12.226583Z] [ingest] TOTAL: {'drafts': 0, 'blocks': 0, 'wrote': 0, 'skipped': 0, 'invalid': 0}
[2026-08-01T20:00:01.078762Z] [ingest] Ingest tick — brands=['ora', 'grissom', 'familybook'] dry_run=False
[2026-08-01T20:00:01.079539Z] [ingest] [ora] summary: {'drafts': 0, 'blocks': 0, 'wrote': 0, 'skipped': 0, 'invalid': 0}
[2026-08-01T20:00:01.079742Z] [ingest] [grissom] summary: {'drafts': 0, 'blocks': 0, 'wrote': 0, 'skipped': 0, 'invalid': 0}
[2026-08-01T20:00:01.079936Z] [ingest] [familybook] summary: {'drafts': 0, 'blocks': 0, 'wrote': 0, 'skipped': 0, 'invalid': 0}
[2026-08-01T20:00:01.080013Z] [ingest] TOTAL: {'drafts': 0, 'blocks': 0, 'wrote': 0, 'skipped': 0, 'invalid': 0}
[2026-08-01T21:39:23.855262Z] [ingest] Ingest tick — brands=['ora', 'grissom', 'familybook'] dry_run=False
[2026-08-01T21:39:23.855985Z] [ingest] [ora] summary: {'drafts': 0, 'blocks': 0, 'wrote': 0, 'skipped': 0, 'invalid': 0}
[2026-08-01T21:39:23.856183Z] [ingest] [grissom] summary: {'drafts': 0, 'blocks': 0, 'wrote': 0, 'skipped': 0, 'invalid': 0}
[2026-08-01T21:39:23.856364Z] [ingest] [familybook] summary: {'drafts': 0, 'blocks': 0, 'wrote': 0, 'skipped': 0, 'invalid': 0}
[2026-08-01T21:39:23.856447Z] [ingest] TOTAL: {'drafts': 0, 'blocks': 0, 'wrote': 0, 'skipped': 0, 'invalid': 0}
[2026-08-01T22:40:16.448487Z] [ingest] Ingest tick — brands=['ora', 'grissom', 'familybook'] dry_run=False
[2026-08-01T22:40:16.449144Z] [ingest] [ora] summary: {'drafts': 0, 'blocks': 0, 'wrote': 0, 'skipped': 0, 'invalid': 0}
[2026-08-01T22:40:16.449352Z] [ingest] [grissom] summary: {'drafts': 0, 'blocks': 0, 'wrote': 0, 'skipped': 0, 'invalid': 0}
[2026-08-01T22:40:16.449546Z] [ingest] [familybook] summary: {'drafts': 0, 'blocks': 0, 'wrote': 0, 'skipped': 0, 'invalid': 0}
[2026-08-01T22:40:16.449622Z] [ingest] TOTAL: {'drafts': 0, 'blocks': 0, 'wrote': 0, 'skipped': 0, 'invalid': 0}
[2026-08-01T23:43:35.703138Z] [ingest] Ingest tick — brands=['ora', 'grissom', 'familybook'] dry_run=False
[2026-08-01T23:43:35.703977Z] [ingest] [ora] summary: {'drafts': 0, 'blocks': 0, 'wrote': 0, 'skipped': 0, 'invalid': 0}
[2026-08-01T23:43:35.704222Z] [ingest] [grissom] summary: {'drafts': 0, 'blocks': 0, 'wrote': 0, 'skipped': 0, 'invalid': 0}
[2026-08-01T23:43:35.704443Z] [ingest] [familybook] summary: {'drafts': 0, 'blocks': 0, 'wrote': 0, 'skipped': 0, 'invalid': 0}
[2026-08-01T23:43:35.704511Z] [ingest] TOTAL: {'drafts': 0, 'blocks': 0, 'wrote': 0, 'skipped': 0, 'invalid': 0}
[2026-08-02T01:17:55.311973Z] [ingest] Ingest tick — brands=['ora', 'grissom', 'familybook'] dry_run=False
[2026-08-02T01:17:55.312885Z] [ingest] [ora] summary: {'drafts': 0, 'blocks': 0, 'wrote': 0, 'skipped': 0, 'invalid': 0}
[2026-08-02T01:17:55.313111Z] [ingest] [grissom] summary: {'drafts': 0, 'blocks': 0, 'wrote': 0, 'skipped': 0, 'invalid': 0}
[2026-08-02T01:17:55.313289Z] [ingest] [familybook] summary: {'drafts': 0, 'blocks': 0, 'wrote': 0, 'skipped': 0, 'invalid': 0}
[2026-08-02T01:17:55.313381Z] [ingest] TOTAL: {'drafts': 0, 'blocks': 0, 'wrote': 0, 'skipped': 0, 'invalid': 0}
[2026-08-02T05:02:30.904073Z] [ingest] Ingest tick — brands=['ora', 'grissom', 'familybook'] dry_run=False
[2026-08-02T05:02:30.904399Z] [ingest] [ora] summary: {'drafts': 0, 'blocks': 0, 'wrote': 0, 'skipped': 0, 'invalid': 0}
[2026-08-02T05:02:30.904546Z] [ingest] [grissom] summary: {'drafts': 0, 'blocks': 0, 'wrote': 0, 'skipped': 0, 'invalid': 0}
[2026-08-02T05:02:30.904700Z] [ingest] [familybook] summary: {'drafts': 0, 'blocks': 0, 'wrote': 0, 'skipped': 0, 'invalid': 0}
[2026-08-02T05:02:30.904768Z] [ingest] TOTAL: {'drafts': 0, 'blocks': 0, 'wrote': 0, 'skipped': 0, 'invalid': 0}
[2026-08-02T07:54:49.648279Z] [ingest] Ingest tick — brands=['ora', 'grissom', 'familybook'] dry_run=False
[2026-08-02T07:54:49.649085Z] [ingest] [ora] summary: {'drafts': 0, 'blocks': 0, 'wrote': 0, 'skipped': 0, 'invalid': 0}
[2026-08-02T07:54:49.649369Z] [ingest] [grissom] summary: {'drafts': 0, 'blocks': 0, 'wrote': 0, 'skipped': 0, 'invalid': 0}
[2026-08-02T07:54:49.649623Z] [ingest] [familybook] summary: {'drafts': 0, 'blocks': 0, 'wrote': 0, 'skipped': 0, 'invalid': 0}
[2026-08-02T07:54:49.649702Z] [ingest] TOTAL: {'drafts': 0, 'blocks': 0, 'wrote': 0, 'skipped': 0, 'invalid': 0}
[2026-08-02T10:22:01.528069Z] [ingest] Ingest tick — brands=['ora', 'grissom', 'familybook'] dry_run=False
[2026-08-02T10:22:01.528785Z] [ingest] [ora] summary: {'drafts': 0, 'blocks': 0, 'wrote': 0, 'skipped': 0, 'invalid': 0}
[2026-08-02T10:22:01.529021Z] [ingest] [grissom] summary: {'drafts': 0, 'blocks': 0, 'wrote': 0, 'skipped': 0, 'invalid': 0}
[2026-08-02T10:22:01.529252Z] [ingest] [familybook] summary: {'drafts': 0, 'blocks': 0, 'wrote': 0, 'skipped': 0, 'invalid': 0}
[2026-08-02T10:22:01.529331Z] [ingest] TOTAL: {'drafts': 0, 'blocks': 0, 'wrote': 0, 'skipped': 0, 'invalid': 0}
[2026-08-02T11:47:22.369415Z] [ingest] Ingest tick — brands=['ora', 'grissom', 'familybook'] dry_run=False
[2026-08-02T11:47:22.369664Z] [ingest] [ora] summary: {'drafts': 0, 'blocks': 0, 'wrote': 0, 'skipped': 0, 'invalid': 0}
[2026-08-02T11:47:22.369761Z] [ingest] [grissom] summary: {'drafts': 0, 'blocks': 0, 'wrote': 0, 'skipped': 0, 'invalid': 0}
[2026-08-02T11:47:22.369860Z] [ingest] [familybook] summary: {'drafts': 0, 'blocks': 0, 'wrote': 0, 'skipped': 0, 'invalid': 0}
[2026-08-02T11:47:22.369887Z] [ingest] TOTAL: {'drafts': 0, 'blocks': 0, 'wrote': 0, 'skipped': 0, 'invalid': 0}
[2026-08-02T12:45:20.454824Z] [ingest] Ingest tick — brands=['ora', 'grissom', 'familybook'] dry_run=False
[2026-08-02T12:45:20.455529Z] [ingest] [ora] summary: {'drafts': 0, 'blocks': 0, 'wrote': 0, 'skipped': 0, 'invalid': 0}
[2026-08-02T12:45:20.455760Z] [ingest] [grissom] summary: {'drafts': 0, 'blocks': 0, 'wrote': 0, 'skipped': 0, 'invalid': 0}
[2026-08-02T12:45:20.455952Z] [ingest] [familybook] summary: {'drafts': 0, 'blocks': 0, 'wrote': 0, 'skipped': 0, 'invalid': 0}
[2026-08-02T12:45:20.456021Z] [ingest] TOTAL: {'drafts': 0, 'blocks': 0, 'wrote': 0, 'skipped': 0, 'invalid': 0}
[2026-08-02T14:17:41.951426Z] [ingest] Ingest tick — brands=['ora', 'grissom', 'familybook'] dry_run=False
[2026-08-02T14:17:41.952011Z] [ingest] [ora] summary: {'drafts': 0, 'blocks': 0, 'wrote': 0, 'skipped': 0, 'invalid': 0}
[2026-08-02T14:17:41.952228Z] [ingest] [grissom] summary: {'drafts': 0, 'blocks': 0, 'wrote': 0, 'skipped': 0, 'invalid': 0}
[2026-08-02T14:17:41.952426Z] [ingest] [familybook] summary: {'drafts': 0, 'blocks': 0, 'wrote': 0, 'skipped': 0, 'invalid': 0}
[2026-08-02T14:17:41.952499Z] [ingest] TOTAL: {'drafts': 0, 'blocks': 0, 'wrote': 0, 'skipped': 0, 'invalid': 0}
[2026-08-02T15:46:31.810003Z] [ingest] Ingest tick — brands=['ora', 'grissom', 'familybook'] dry_run=False
[2026-08-02T15:46:31.810337Z] [ingest] [ora] summary: {'drafts': 0, 'blocks': 0, 'wrote': 0, 'skipped': 0, 'invalid': 0}
[2026-08-02T15:46:31.810457Z] [ingest] [grissom] summary: {'drafts': 0, 'blocks': 0, 'wrote': 0, 'skipped': 0, 'invalid': 0}
[2026-08-02T15:46:31.810567Z] [ingest] [familybook] summary: {'drafts': 0, 'blocks': 0, 'wrote': 0, 'skipped': 0, 'invalid': 0}
[2026-08-02T15:46:31.810595Z] [ingest] TOTAL: {'drafts': 0, 'blocks': 0, 'wrote': 0, 'skipped': 0, 'invalid': 0}
[2026-08-02T16:41:00.302398Z] [ingest] Ingest tick — brands=['ora', 'grissom', 'familybook'] dry_run=False
[2026-08-02T16:41:00.302712Z] [ingest] [ora] summary: {'drafts': 0, 'blocks': 0, 'wrote': 0, 'skipped': 0, 'invalid': 0}
[2026-08-02T16:41:00.302875Z] [ingest] [grissom] summary: {'drafts': 0, 'blocks': 0, 'wrote': 0, 'skipped': 0, 'invalid': 0}
[2026-08-02T16:41:00.303044Z] [ingest] [familybook] summary: {'drafts': 0, 'blocks': 0, 'wrote': 0, 'skipped': 0, 'invalid': 0}
[2026-08-02T16:41:00.303107Z] [ingest] TOTAL: {'drafts': 0, 'blocks': 0, 'wrote': 0, 'skipped': 0, 'invalid': 0}
[2026-08-02T17:46:25.132466Z] [ingest] Ingest tick — brands=['ora', 'grissom', 'familybook'] dry_run=False
[2026-08-02T17:46:25.132771Z] [ingest] [ora] summary: {'drafts': 0, 'blocks': 0, 'wrote': 0, 'skipped': 0, 'invalid': 0}
[2026-08-02T17:46:25.132912Z] [ingest] [grissom] summary: {'drafts': 0, 'blocks': 0, 'wrote': 0, 'skipped': 0, 'invalid': 0}
[2026-08-02T17:46:25.133033Z] [ingest] [familybook] summary: {'drafts': 0, 'blocks': 0, 'wrote': 0, 'skipped': 0, 'invalid': 0}
[2026-08-02T17:46:25.133087Z] [ingest] TOTAL: {'drafts': 0, 'blocks': 0, 'wrote': 0, 'skipped': 0, 'invalid': 0}
[2026-08-02T18:45:10.685838Z] [ingest] Ingest tick — brands=['ora', 'grissom', 'familybook'] dry_run=False
[2026-08-02T18:45:10.686533Z] [ingest] [ora] summary: {'drafts': 0, 'blocks': 0, 'wrote': 0, 'skipped': 0, 'invalid': 0}
[2026-08-02T18:45:10.686732Z] [ingest] [grissom] summary: {'drafts': 0, 'blocks': 0, 'wrote': 0, 'skipped': 0, 'invalid': 0}
[2026-08-02T18:45:10.686911Z] [ingest] [familybook] summary: {'drafts': 0, 'blocks': 0, 'wrote': 0, 'skipped': 0, 'invalid': 0}
[2026-08-02T18:45:10.686994Z] [ingest] TOTAL: {'drafts': 0, 'blocks': 0, 'wrote': 0, 'skipped': 0, 'invalid': 0}
[2026-08-02T20:00:09.403272Z] [ingest] Ingest tick — brands=['ora', 'grissom', 'familybook'] dry_run=False
[2026-08-02T20:00:09.403630Z] [ingest] [ora] summary: {'drafts': 0, 'blocks': 0, 'wrote': 0, 'skipped': 0, 'invalid': 0}
[2026-08-02T20:00:09.403780Z] [ingest] [grissom] summary: {'drafts': 0, 'blocks': 0, 'wrote': 0, 'skipped': 0, 'invalid': 0}
[2026-08-02T20:00:09.403909Z] [ingest] [familybook] summary: {'drafts': 0, 'blocks': 0, 'wrote': 0, 'skipped': 0, 'invalid': 0}
[2026-08-02T20:00:09.403942Z] [ingest] TOTAL: {'drafts': 0, 'blocks': 0, 'wrote': 0, 'skipped': 0, 'invalid': 0}
[2026-08-02T21:39:45.321091Z] [ingest] Ingest tick — brands=['ora', 'grissom', 'familybook'] dry_run=False
[2026-08-02T21:39:45.321394Z] [ingest] [ora] summary: {'drafts': 0, 'blocks': 0, 'wrote': 0, 'skipped': 0, 'invalid': 0}
[2026-08-02T21:39:45.321535Z] [ingest] [grissom] summary: {'drafts': 0, 'blocks': 0, 'wrote': 0, 'skipped': 0, 'invalid': 0}
[2026-08-02T21:39:45.321633Z] [ingest] [familybook] summary: {'drafts': 0, 'blocks': 0, 'wrote': 0, 'skipped': 0, 'invalid': 0}
[2026-08-02T21:39:45.321672Z] [ingest] TOTAL: {'drafts': 0, 'blocks': 0, 'wrote': 0, 'skipped': 0, 'invalid': 0}
[2026-08-02T22:41:13.419345Z] [ingest] Ingest tick — brands=['ora', 'grissom', 'familybook'] dry_run=False
[2026-08-02T22:41:13.421584Z] [ingest] [ora] summary: {'drafts': 0, 'blocks': 0, 'wrote': 0, 'skipped': 0, 'invalid': 0}
[2026-08-02T22:41:13.421831Z] [ingest] [grissom] summary: {'drafts': 0, 'blocks': 0, 'wrote': 0, 'skipped': 0, 'invalid': 0}
[2026-08-02T22:41:13.422042Z] [ingest] [familybook] summary: {'drafts': 0, 'blocks': 0, 'wrote': 0, 'skipped': 0, 'invalid': 0}
[2026-08-02T22:41:13.422131Z] [ingest] TOTAL: {'drafts': 0, 'blocks': 0, 'wrote': 0, 'skipped': 0, 'invalid': 0}
[2026-08-02T23:44:50.931915Z] [ingest] Ingest tick — brands=['ora', 'grissom', 'familybook'] dry_run=False
[2026-08-02T23:44:50.932615Z] [ingest] [ora] summary: {'drafts': 0, 'blocks': 0, 'wrote': 0, 'skipped': 0, 'invalid': 0}
[2026-08-02T23:44:50.932838Z] [ingest] [grissom] summary: {'drafts': 0, 'blocks': 0, 'wrote': 0, 'skipped': 0, 'invalid': 0}
[2026-08-02T23:44:50.933022Z] [ingest] [familybook] summary: {'drafts': 0, 'blocks': 0, 'wrote': 0, 'skipped': 0, 'invalid': 0}
[2026-08-02T23:44:50.933086Z] [ingest] TOTAL: {'drafts': 0, 'blocks': 0, 'wrote': 0, 'skipped': 0, 'invalid': 0}
[2026-08-03T01:18:09.947640Z] [ingest] Ingest tick — brands=['ora', 'grissom', 'familybook'] dry_run=False
[2026-08-03T01:18:09.948317Z] [ingest] [ora] summary: {'drafts': 0, 'blocks': 0, 'wrote': 0, 'skipped': 0, 'invalid': 0}
[2026-08-03T01:18:09.948514Z] [ingest] [grissom] summary: {'drafts': 0, 'blocks': 0, 'wrote': 0, 'skipped': 0, 'invalid': 0}
[2026-08-03T01:18:09.948636Z] [ingest] [familybook] summary: {'drafts': 0, 'blocks': 0, 'wrote': 0, 'skipped': 0, 'invalid': 0}
[2026-08-03T01:18:09.948687Z] [ingest] TOTAL: {'drafts': 0, 'blocks': 0, 'wrote': 0, 'skipped': 0, 'invalid': 0}
[2026-08-03T05:23:39.579767Z] [ingest] Ingest tick — brands=['ora', 'grissom', 'familybook'] dry_run=False
[2026-08-03T05:23:39.580390Z] [ingest] [ora] summary: {'drafts': 0, 'blocks': 0, 'wrote': 0, 'skipped': 0, 'invalid': 0}
[2026-08-03T05:23:39.580609Z] [ingest] [grissom] summary: {'drafts': 0, 'blocks': 0, 'wrote': 0, 'skipped': 0, 'invalid': 0}
[2026-08-03T05:23:39.580812Z] [ingest] [familybook] summary: {'drafts': 0, 'blocks': 0, 'wrote': 0, 'skipped': 0, 'invalid': 0}
[2026-08-03T05:23:39.580892Z] [ingest] TOTAL: {'drafts': 0, 'blocks': 0, 'wrote': 0, 'skipped': 0, 'invalid': 0}
[2026-08-03T08:53:04.547809Z] [ingest] Ingest tick — brands=['ora', 'grissom', 'familybook'] dry_run=False
[2026-08-03T08:53:04.548502Z] [ingest] [ora] summary: {'drafts': 0, 'blocks': 0, 'wrote': 0, 'skipped': 0, 'invalid': 0}
[2026-08-03T08:53:04.548717Z] [ingest] [grissom] summary: {'drafts': 0, 'blocks': 0, 'wrote': 0, 'skipped': 0, 'invalid': 0}
[2026-08-03T08:53:04.548915Z] [ingest] [familybook] summary: {'drafts': 0, 'blocks': 0, 'wrote': 0, 'skipped': 0, 'invalid': 0}
[2026-08-03T08:53:04.549021Z] [ingest] TOTAL: {'drafts': 0, 'blocks': 0, 'wrote': 0, 'skipped': 0, 'invalid': 0}
[2026-08-03T12:46:19.947300Z] [ingest] Ingest tick — brands=['ora', 'grissom', 'familybook'] dry_run=False
[2026-08-03T12:46:19.947993Z] [ingest] [ora] summary: {'drafts': 0, 'blocks': 0, 'wrote': 0, 'skipped': 0, 'invalid': 0}
[2026-08-03T12:46:19.948205Z] [ingest] [grissom] summary: {'drafts': 0, 'blocks': 0, 'wrote': 0, 'skipped': 0, 'invalid': 0}
[2026-08-03T12:46:19.948347Z] [ingest] [familybook] summary: {'drafts': 0, 'blocks': 0, 'wrote': 0, 'skipped': 0, 'invalid': 0}
[2026-08-03T12:46:19.948395Z] [ingest] TOTAL: {'drafts': 0, 'blocks': 0, 'wrote': 0, 'skipped': 0, 'invalid': 0}
[2026-08-03T15:32:46.735627Z] [ingest] Ingest tick — brands=['ora', 'grissom', 'familybook'] dry_run=False
[2026-08-03T15:32:46.736505Z] [ingest] [ora] summary: {'drafts': 0, 'blocks': 0, 'wrote': 0, 'skipped': 0, 'invalid': 0}
[2026-08-03T15:32:46.736735Z] [ingest] [grissom] summary: {'drafts': 0, 'blocks': 0, 'wrote': 0, 'skipped': 0, 'invalid': 0}
[2026-08-03T15:32:46.736943Z] [ingest] [familybook] summary: {'drafts': 0, 'blocks': 0, 'wrote': 0, 'skipped': 0, 'invalid': 0}
[2026-08-03T15:32:46.737050Z] [ingest] TOTAL: {'drafts': 0, 'blocks': 0, 'wrote': 0, 'skipped': 0, 'invalid': 0}
[2026-08-03T17:30:09.797422Z] [ingest] Ingest tick — brands=['ora', 'grissom', 'familybook'] dry_run=False
[2026-08-03T17:30:09.798021Z] [ingest] [ora] summary: {'drafts': 0, 'blocks': 0, 'wrote': 0, 'skipped': 0, 'invalid': 0}
[2026-08-03T17:30:09.798256Z] [ingest] [grissom] summary: {'drafts': 0, 'blocks': 0, 'wrote': 0, 'skipped': 0, 'invalid': 0}
[2026-08-03T17:30:09.798434Z] [ingest] [familybook] summary: {'drafts': 0, 'blocks': 0, 'wrote': 0, 'skipped': 0, 'invalid': 0}
[2026-08-03T17:30:09.798500Z] [ingest] TOTAL: {'drafts': 0, 'blocks': 0, 'wrote': 0, 'skipped': 0, 'invalid': 0}
[2026-08-03T19:11:56.216979Z] [ingest] Ingest tick — brands=['ora', 'grissom', 'familybook'] dry_run=False
[2026-08-03T19:11:56.217828Z] [ingest] [ora] summary: {'drafts': 0, 'blocks': 0, 'wrote': 0, 'skipped': 0, 'invalid': 0}
[2026-08-03T19:11:56.218063Z] [ingest] [grissom] summary: {'drafts': 0, 'blocks': 0, 'wrote': 0, 'skipped': 0, 'invalid': 0}
[2026-08-03T19:11:56.218251Z] [ingest] [familybook] summary: {'drafts': 0, 'blocks': 0, 'wrote': 0, 'skipped': 0, 'invalid': 0}
[2026-08-03T19:11:56.218304Z] [ingest] TOTAL: {'drafts': 0, 'blocks': 0, 'wrote': 0, 'skipped': 0, 'invalid': 0}
[2026-08-03T20:47:37.401878Z] [ingest] Ingest tick — brands=['ora', 'grissom', 'familybook'] dry_run=False
[2026-08-03T20:47:37.405176Z] [ingest] [ora] empty draft: 3am-idea-tiktok-2026-08-03.md
[2026-08-03T20:47:37.405318Z] [ingest] [ora] empty draft: self-serve-test-2026-08-03.md
[2026-08-03T20:47:37.405416Z] [ingest] [ora] summary: {'drafts': 2, 'blocks': 0, 'wrote': 0, 'skipped': 0, 'invalid': 0}
[2026-08-03T20:47:37.405798Z] [ingest] [grissom] empty draft: handy-hearts-instagram-carousel-2026-08-03.md
[2026-08-03T20:47:37.405897Z] [ingest] [grissom] empty draft: handy-hearts-pinterest-pin-2026-08-03.md
[2026-08-03T20:47:37.405983Z] [ingest] [grissom] empty draft: handy-hearts-tiktok-launch-2026-08-03.md
[2026-08-03T20:47:37.406065Z] [ingest] [grissom] empty draft: handy-hearts-tiktok-nancy-wes-tease-2026-08-03.md
[2026-08-03T20:47:37.406148Z] [ingest] [grissom] empty draft: handy-hearts-tiktok-tropes-trench-coat-2026-08-03.md
[2026-08-03T20:47:37.406195Z] [ingest] [grissom] summary: {'drafts': 5, 'blocks': 0, 'wrote': 0, 'skipped': 0, 'invalid': 0}
[2026-08-03T20:47:37.406326Z] [ingest] [familybook] summary: {'drafts': 0, 'blocks': 0, 'wrote': 0, 'skipped': 0, 'invalid': 0}
[2026-08-03T20:47:37.406375Z] [ingest] TOTAL: {'drafts': 7, 'blocks': 0, 'wrote': 0, 'skipped': 0, 'invalid': 0}
[2026-08-03T21:53:56.287855Z] [ingest] Ingest tick — brands=['ora', 'grissom', 'familybook'] dry_run=False
[2026-08-03T21:53:56.288754Z] [ingest] [ora] empty draft: 3am-idea-tiktok-2026-08-03.md
[2026-08-03T21:53:56.288855Z] [ingest] [ora] empty draft: self-serve-test-2026-08-03.md
[2026-08-03T21:53:56.288912Z] [ingest] [ora] summary: {'drafts': 2, 'blocks': 0, 'wrote': 0, 'skipped': 0, 'invalid': 0}
[2026-08-03T21:53:56.289186Z] [ingest] [grissom] empty draft: handy-hearts-instagram-carousel-2026-08-03.md
[2026-08-03T21:53:56.289278Z] [ingest] [grissom] empty draft: handy-hearts-pinterest-pin-2026-08-03.md
[2026-08-03T21:53:56.289366Z] [ingest] [grissom] empty draft: handy-hearts-tiktok-launch-2026-08-03.md
[2026-08-03T21:53:56.289486Z] [ingest] [grissom] empty draft: handy-hearts-tiktok-nancy-wes-tease-2026-08-03.md
[2026-08-03T21:53:56.289568Z] [ingest] [grissom] empty draft: handy-hearts-tiktok-tropes-trench-coat-2026-08-03.md
[2026-08-03T21:53:56.289634Z] [ingest] [grissom] summary: {'drafts': 5, 'blocks': 0, 'wrote': 0, 'skipped': 0, 'invalid': 0}
[2026-08-03T21:53:56.289753Z] [ingest] [familybook] summary: {'drafts': 0, 'blocks': 0, 'wrote': 0, 'skipped': 0, 'invalid': 0}
[2026-08-03T21:53:56.289783Z] [ingest] TOTAL: {'drafts': 7, 'blocks': 0, 'wrote': 0, 'skipped': 0, 'invalid': 0}
[2026-08-03T23:53:15.902294Z] [ingest] Ingest tick — brands=['ora', 'grissom', 'familybook'] dry_run=False
[2026-08-03T23:53:15.908124Z] [ingest] [ora] empty draft: 3am-idea-tiktok-2026-08-03.md
[2026-08-03T23:53:15.908283Z] [ingest] [ora] empty draft: self-serve-test-2026-08-03.md
[2026-08-03T23:53:15.908382Z] [ingest] [ora] summary: {'drafts': 2, 'blocks': 0, 'wrote': 0, 'skipped': 0, 'invalid': 0}
[2026-08-03T23:53:15.908872Z] [ingest] [grissom] empty draft: handy-hearts-instagram-carousel-2026-08-03.md
[2026-08-03T23:53:15.909041Z] [ingest] [grissom] empty draft: handy-hearts-pinterest-pin-2026-08-03.md
[2026-08-03T23:53:15.909178Z] [ingest] [grissom] empty draft: handy-hearts-tiktok-launch-2026-08-03.md
[2026-08-03T23:53:15.909300Z] [ingest] [grissom] empty draft: handy-hearts-tiktok-nancy-wes-tease-2026-08-03.md
[2026-08-03T23:53:15.909420Z] [ingest] [grissom] empty draft: handy-hearts-tiktok-tropes-trench-coat-2026-08-03.md
[2026-08-03T23:53:15.909491Z] [ingest] [grissom] summary: {'drafts': 5, 'blocks': 0, 'wrote': 0, 'skipped': 0, 'invalid': 0}
[2026-08-03T23:53:15.909682Z] [ingest] [familybook] summary: {'drafts': 0, 'blocks': 0, 'wrote': 0, 'skipped': 0, 'invalid': 0}
[2026-08-03T23:53:15.909781Z] [ingest] TOTAL: {'drafts': 7, 'blocks': 0, 'wrote': 0, 'skipped': 0, 'invalid': 0}
[2026-08-04T03:55:14.740829Z] [ingest] Ingest tick — brands=['ora', 'grissom', 'familybook'] dry_run=False
[2026-08-04T03:55:14.741780Z] [ingest] [ora] empty draft: 3am-idea-tiktok-2026-08-03.md
[2026-08-04T03:55:14.741892Z] [ingest] [ora] empty draft: self-serve-test-2026-08-03.md
[2026-08-04T03:55:14.741957Z] [ingest] [ora] summary: {'drafts': 2, 'blocks': 0, 'wrote': 0, 'skipped': 0, 'invalid': 0}
[2026-08-04T03:55:14.742297Z] [ingest] [grissom] empty draft: handy-hearts-instagram-carousel-2026-08-03.md
[2026-08-04T03:55:14.742404Z] [ingest] [grissom] empty draft: handy-hearts-pinterest-pin-2026-08-03.md
[2026-08-04T03:55:14.742507Z] [ingest] [grissom] empty draft: handy-hearts-tiktok-launch-2026-08-03.md
[2026-08-04T03:55:14.742609Z] [ingest] [grissom] empty draft: handy-hearts-tiktok-nancy-wes-tease-2026-08-03.md
[2026-08-04T03:55:14.742711Z] [ingest] [grissom] empty draft: handy-hearts-tiktok-tropes-trench-coat-2026-08-03.md
[2026-08-04T03:55:14.742769Z] [ingest] [grissom] summary: {'drafts': 5, 'blocks': 0, 'wrote': 0, 'skipped': 0, 'invalid': 0}
[2026-08-04T03:55:14.742938Z] [ingest] [familybook] summary: {'drafts': 0, 'blocks': 0, 'wrote': 0, 'skipped': 0, 'invalid': 0}
[2026-08-04T03:55:14.743000Z] [ingest] TOTAL: {'drafts': 7, 'blocks': 0, 'wrote': 0, 'skipped': 0, 'invalid': 0}
[2026-08-04T07:26:57.705319Z] [ingest] Ingest tick — brands=['ora', 'grissom', 'familybook'] dry_run=False
[2026-08-04T07:26:57.706435Z] [ingest] [ora] empty draft: 3am-idea-tiktok-2026-08-03.md
[2026-08-04T07:26:57.706559Z] [ingest] [ora] empty draft: self-serve-test-2026-08-03.md
[2026-08-04T07:26:57.706636Z] [ingest] [ora] summary: {'drafts': 2, 'blocks': 0, 'wrote': 0, 'skipped': 0, 'invalid': 0}
[2026-08-04T07:26:57.707001Z] [ingest] [grissom] empty draft: handy-hearts-instagram-carousel-2026-08-03.md
[2026-08-04T07:26:57.707153Z] [ingest] [grissom] empty draft: handy-hearts-pinterest-pin-2026-08-03.md
[2026-08-04T07:26:57.707280Z] [ingest] [grissom] empty draft: handy-hearts-tiktok-launch-2026-08-03.md
[2026-08-04T07:26:57.707399Z] [ingest] [grissom] empty draft: handy-hearts-tiktok-nancy-wes-tease-2026-08-03.md
[2026-08-04T07:26:57.707518Z] [ingest] [grissom] empty draft: handy-hearts-tiktok-tropes-trench-coat-2026-08-03.md
[2026-08-04T07:26:57.707589Z] [ingest] [grissom] summary: {'drafts': 5, 'blocks': 0, 'wrote': 0, 'skipped': 0, 'invalid': 0}
[2026-08-04T07:26:57.707774Z] [ingest] [familybook] summary: {'drafts': 0, 'blocks': 0, 'wrote': 0, 'skipped': 0, 'invalid': 0}
[2026-08-04T07:26:57.707843Z] [ingest] TOTAL: {'drafts': 7, 'blocks': 0, 'wrote': 0, 'skipped': 0, 'invalid': 0}
[2026-08-04T10:20:57.698751Z] [ingest] Ingest tick — brands=['ora', 'grissom', 'familybook'] dry_run=False
[2026-08-04T10:20:57.699747Z] [ingest] [ora] empty draft: 3am-idea-tiktok-2026-08-03.md
[2026-08-04T10:20:57.699875Z] [ingest] [ora] empty draft: self-serve-test-2026-08-03.md
[2026-08-04T10:20:57.699958Z] [ingest] [ora] summary: {'drafts': 2, 'blocks': 0, 'wrote': 0, 'skipped': 0, 'invalid': 0}
[2026-08-04T10:20:57.700329Z] [ingest] [grissom] empty draft: handy-hearts-instagram-carousel-2026-08-03.md
[2026-08-04T10:20:57.700488Z] [ingest] [grissom] empty draft: handy-hearts-pinterest-pin-2026-08-03.md
[2026-08-04T10:20:57.700621Z] [ingest] [grissom] empty draft: handy-hearts-tiktok-launch-2026-08-03.md
[2026-08-04T10:20:57.700747Z] [ingest] [grissom] empty draft: handy-hearts-tiktok-nancy-wes-tease-2026-08-03.md
[2026-08-04T10:20:57.700882Z] [ingest] [grissom] empty draft: handy-hearts-tiktok-tropes-trench-coat-2026-08-03.md
[2026-08-04T10:20:57.700956Z] [ingest] [grissom] summary: {'drafts': 5, 'blocks': 0, 'wrote': 0, 'skipped': 0, 'invalid': 0}
[2026-08-04T10:20:57.701151Z] [ingest] [familybook] summary: {'drafts': 0, 'blocks': 0, 'wrote': 0, 'skipped': 0, 'invalid': 0}
[2026-08-04T10:20:57.701222Z] [ingest] TOTAL: {'drafts': 7, 'blocks': 0, 'wrote': 0, 'skipped': 0, 'invalid': 0}
[2026-08-04T12:30:58.423426Z] [ingest] Ingest tick — brands=['ora', 'grissom', 'familybook'] dry_run=False
[2026-08-04T12:30:58.428641Z] [ingest] [ora] empty draft: 3am-idea-tiktok-2026-08-03.md
[2026-08-04T12:30:58.428826Z] [ingest] [ora] empty draft: self-serve-test-2026-08-03.md
[2026-08-04T12:30:58.428927Z] [ingest] [ora] summary: {'drafts': 2, 'blocks': 0, 'wrote': 0, 'skipped': 0, 'invalid': 0}
[2026-08-04T12:30:58.429344Z] [ingest] [grissom] empty draft: handy-hearts-instagram-carousel-2026-08-03.md
[2026-08-04T12:30:58.429497Z] [ingest] [grissom] empty draft: handy-hearts-pinterest-pin-2026-08-03.md
[2026-08-04T12:30:58.429643Z] [ingest] [grissom] empty draft: handy-hearts-tiktok-launch-2026-08-03.md
[2026-08-04T12:30:58.429787Z] [ingest] [grissom] empty draft: handy-hearts-tiktok-nancy-wes-tease-2026-08-03.md
[2026-08-04T12:30:58.429910Z] [ingest] [grissom] empty draft: handy-hearts-tiktok-tropes-trench-coat-2026-08-03.md
[2026-08-04T12:30:58.429981Z] [ingest] [grissom] summary: {'drafts': 5, 'blocks': 0, 'wrote': 0, 'skipped': 0, 'invalid': 0}
[2026-08-04T12:30:58.430169Z] [ingest] [familybook] summary: {'drafts': 0, 'blocks': 0, 'wrote': 0, 'skipped': 0, 'invalid': 0}
[2026-08-04T12:30:58.430242Z] [ingest] TOTAL: {'drafts': 7, 'blocks': 0, 'wrote': 0, 'skipped': 0, 'invalid': 0}
[2026-08-04T15:11:23.866937Z] [ingest] Ingest tick — brands=['ora', 'grissom', 'familybook'] dry_run=False
[2026-08-04T15:11:23.868066Z] [ingest] [ora] empty draft: 3am-idea-tiktok-2026-08-03.md
[2026-08-04T15:11:23.868173Z] [ingest] [ora] empty draft: self-serve-test-2026-08-03.md
[2026-08-04T15:11:23.868233Z] [ingest] [ora] summary: {'drafts': 2, 'blocks': 0, 'wrote': 0, 'skipped': 0, 'invalid': 0}
[2026-08-04T15:11:23.868557Z] [ingest] [grissom] empty draft: handy-hearts-instagram-carousel-2026-08-03.md
[2026-08-04T15:11:23.868667Z] [ingest] [grissom] empty draft: handy-hearts-pinterest-pin-2026-08-03.md
[2026-08-04T15:11:23.868774Z] [ingest] [grissom] empty draft: handy-hearts-tiktok-launch-2026-08-03.md
[2026-08-04T15:11:23.868875Z] [ingest] [grissom] empty draft: handy-hearts-tiktok-nancy-wes-tease-2026-08-03.md
[2026-08-04T15:11:23.868973Z] [ingest] [grissom] empty draft: handy-hearts-tiktok-tropes-trench-coat-2026-08-03.md
[2026-08-04T15:11:23.869026Z] [ingest] [grissom] summary: {'drafts': 5, 'blocks': 0, 'wrote': 0, 'skipped': 0, 'invalid': 0}
[2026-08-04T15:11:23.869181Z] [ingest] [familybook] summary: {'drafts': 0, 'blocks': 0, 'wrote': 0, 'skipped': 0, 'invalid': 0}
[2026-08-04T15:11:23.869242Z] [ingest] TOTAL: {'drafts': 7, 'blocks': 0, 'wrote': 0, 'skipped': 0, 'invalid': 0}
[2026-08-04T17:24:41.127891Z] [ingest] Ingest tick — brands=['ora', 'grissom', 'familybook'] dry_run=False
[2026-08-04T17:24:41.128668Z] [ingest] [ora] empty draft: 3am-idea-tiktok-2026-08-03.md
[2026-08-04T17:24:41.128804Z] [ingest] [ora] empty draft: self-serve-test-2026-08-03.md
[2026-08-04T17:24:41.128880Z] [ingest] [ora] summary: {'drafts': 2, 'blocks': 0, 'wrote': 0, 'skipped': 0, 'invalid': 0}
[2026-08-04T17:24:41.129154Z] [ingest] [grissom] empty draft: handy-hearts-instagram-carousel-2026-08-03.md
[2026-08-04T17:24:41.129260Z] [ingest] [grissom] empty draft: handy-hearts-pinterest-pin-2026-08-03.md
[2026-08-04T17:24:41.129361Z] [ingest] [grissom] empty draft: handy-hearts-tiktok-launch-2026-08-03.md
[2026-08-04T17:24:41.129460Z] [ingest] [grissom] empty draft: handy-hearts-tiktok-nancy-wes-tease-2026-08-03.md
[2026-08-04T17:24:41.129560Z] [ingest] [grissom] empty draft: handy-hearts-tiktok-tropes-trench-coat-2026-08-03.md
[2026-08-04T17:24:41.129627Z] [ingest] [grissom] summary: {'drafts': 5, 'blocks': 0, 'wrote': 0, 'skipped': 0, 'invalid': 0}
[2026-08-04T17:24:41.129806Z] [ingest] [familybook] summary: {'drafts': 0, 'blocks': 0, 'wrote': 0, 'skipped': 0, 'invalid': 0}
[2026-08-04T17:24:41.129876Z] [ingest] TOTAL: {'drafts': 7, 'blocks': 0, 'wrote': 0, 'skipped': 0, 'invalid': 0}
[2026-08-04T19:12:44.272442Z] [ingest] Ingest tick — brands=['ora', 'grissom', 'familybook'] dry_run=False
[2026-08-04T19:12:44.273685Z] [ingest] [ora] empty draft: 3am-idea-tiktok-2026-08-03.md
[2026-08-04T19:12:44.273823Z] [ingest] [ora] empty draft: self-serve-test-2026-08-03.md
[2026-08-04T19:12:44.273913Z] [ingest] [ora] summary: {'drafts': 2, 'blocks': 0, 'wrote': 0, 'skipped': 0, 'invalid': 0}
[2026-08-04T19:12:44.274217Z] [ingest] [grissom] empty draft: handy-hearts-instagram-carousel-2026-08-03.md
[2026-08-04T19:12:44.274349Z] [ingest] [grissom] empty draft: handy-hearts-pinterest-pin-2026-08-03.md
[2026-08-04T19:12:44.274486Z] [ingest] [grissom] empty draft: handy-hearts-tiktok-launch-2026-08-03.md
[2026-08-04T19:12:44.274659Z] [ingest] [grissom] empty draft: handy-hearts-tiktok-nancy-wes-tease-2026-08-03.md
[2026-08-04T19:12:44.274809Z] [ingest] [grissom] empty draft: handy-hearts-tiktok-tropes-trench-coat-2026-08-03.md
[2026-08-04T19:12:44.274894Z] [ingest] [grissom] summary: {'drafts': 5, 'blocks': 0, 'wrote': 0, 'skipped': 0, 'invalid': 0}
[2026-08-04T19:12:44.275100Z] [ingest] [familybook] summary: {'drafts': 0, 'blocks': 0, 'wrote': 0, 'skipped': 0, 'invalid': 0}
[2026-08-04T19:12:44.275183Z] [ingest] TOTAL: {'drafts': 7, 'blocks': 0, 'wrote': 0, 'skipped': 0, 'invalid': 0}
[2026-08-04T20:57:58.735615Z] [ingest] Ingest tick — brands=['ora', 'grissom', 'familybook'] dry_run=False
[2026-08-04T20:57:58.736635Z] [ingest] [ora] empty draft: 3am-idea-tiktok-2026-08-03.md
[2026-08-04T20:57:58.736754Z] [ingest] [ora] empty draft: self-serve-test-2026-08-03.md
[2026-08-04T20:57:58.736823Z] [ingest] [ora] summary: {'drafts': 2, 'blocks': 0, 'wrote': 0, 'skipped': 0, 'invalid': 0}
[2026-08-04T20:57:58.737139Z] [ingest] [grissom] empty draft: handy-hearts-instagram-carousel-2026-08-03.md
[2026-08-04T20:57:58.737271Z] [ingest] [grissom] empty draft: handy-hearts-pinterest-pin-2026-08-03.md
[2026-08-04T20:57:58.737377Z] [ingest] [grissom] empty draft: handy-hearts-tiktok-launch-2026-08-03.md
[2026-08-04T20:57:58.737478Z] [ingest] [grissom] empty draft: handy-hearts-tiktok-nancy-wes-tease-2026-08-03.md
[2026-08-04T20:57:58.737574Z] [ingest] [grissom] empty draft: handy-hearts-tiktok-tropes-trench-coat-2026-08-03.md
[2026-08-04T20:57:58.737630Z] [ingest] [grissom] summary: {'drafts': 5, 'blocks': 0, 'wrote': 0, 'skipped': 0, 'invalid': 0}
[2026-08-04T20:57:58.737800Z] [ingest] [familybook] summary: {'drafts': 0, 'blocks': 0, 'wrote': 0, 'skipped': 0, 'invalid': 0}
[2026-08-04T20:57:58.737864Z] [ingest] TOTAL: {'drafts': 7, 'blocks': 0, 'wrote': 0, 'skipped': 0, 'invalid': 0}
[2026-08-04T22:47:24.831781Z] [ingest] Ingest tick — brands=['ora', 'grissom', 'familybook'] dry_run=False
[2026-08-04T22:47:24.837069Z] [ingest] [ora] empty draft: 3am-idea-tiktok-2026-08-03.md
[2026-08-04T22:47:24.837234Z] [ingest] [ora] empty draft: self-serve-test-2026-08-03.md
[2026-08-04T22:47:24.837326Z] [ingest] [ora] summary: {'drafts': 2, 'blocks': 0, 'wrote': 0, 'skipped': 0, 'invalid': 0}
[2026-08-04T22:47:24.837696Z] [ingest] [grissom] empty draft: handy-hearts-instagram-carousel-2026-08-03.md
[2026-08-04T22:47:24.837847Z] [ingest] [grissom] empty draft: handy-hearts-pinterest-pin-2026-08-03.md
[2026-08-04T22:47:24.838004Z] [ingest] [grissom] empty draft: handy-hearts-tiktok-launch-2026-08-03.md
[2026-08-04T22:47:24.838157Z] [ingest] [grissom] empty draft: handy-hearts-tiktok-nancy-wes-tease-2026-08-03.md
[2026-08-04T22:47:24.838276Z] [ingest] [grissom] empty draft: handy-hearts-tiktok-tropes-trench-coat-2026-08-03.md
[2026-08-04T22:47:24.838346Z] [ingest] [grissom] summary: {'drafts': 5, 'blocks': 0, 'wrote': 0, 'skipped': 0, 'invalid': 0}
[2026-08-04T22:47:24.838539Z] [ingest] [familybook] summary: {'drafts': 0, 'blocks': 0, 'wrote': 0, 'skipped': 0, 'invalid': 0}
[2026-08-04T22:47:24.838610Z] [ingest] TOTAL: {'drafts': 7, 'blocks': 0, 'wrote': 0, 'skipped': 0, 'invalid': 0}
[2026-08-04T23:47:16.284795Z] [ingest] Ingest tick — brands=['ora', 'grissom', 'familybook'] dry_run=False
[2026-08-04T23:47:16.290411Z] [ingest] [ora] empty draft: 3am-idea-tiktok-2026-08-03.md
[2026-08-04T23:47:16.290558Z] [ingest] [ora] empty draft: self-serve-test-2026-08-03.md
[2026-08-04T23:47:16.290641Z] [ingest] [ora] summary: {'drafts': 2, 'blocks': 0, 'wrote': 0, 'skipped': 0, 'invalid': 0}
[2026-08-04T23:47:16.291028Z] [ingest] [grissom] empty draft: handy-hearts-instagram-carousel-2026-08-03.md
[2026-08-04T23:47:16.291172Z] [ingest] [grissom] empty draft: handy-hearts-pinterest-pin-2026-08-03.md
[2026-08-04T23:47:16.291306Z] [ingest] [grissom] empty draft: handy-hearts-tiktok-launch-2026-08-03.md
[2026-08-04T23:47:16.291434Z] [ingest] [grissom] empty draft: handy-hearts-tiktok-nancy-wes-tease-2026-08-03.md
[2026-08-04T23:47:16.291559Z] [ingest] [grissom] empty draft: handy-hearts-tiktok-tropes-trench-coat-2026-08-03.md
[2026-08-04T23:47:16.291640Z] [ingest] [grissom] summary: {'drafts': 5, 'blocks': 0, 'wrote': 0, 'skipped': 0, 'invalid': 0}
[2026-08-04T23:47:16.291848Z] [ingest] [familybook] summary: {'drafts': 0, 'blocks': 0, 'wrote': 0, 'skipped': 0, 'invalid': 0}
[2026-08-04T23:47:16.291919Z] [ingest] TOTAL: {'drafts': 7, 'blocks': 0, 'wrote': 0, 'skipped': 0, 'invalid': 0}
[2026-08-05T01:10:07.087144Z] [ingest] Ingest tick — brands=['ora', 'grissom', 'familybook'] dry_run=False
[2026-08-05T01:10:07.087927Z] [ingest] [ora] empty draft: 3am-idea-tiktok-2026-08-03.md
[2026-08-05T01:10:07.088044Z] [ingest] [ora] empty draft: self-serve-test-2026-08-03.md
[2026-08-05T01:10:07.088118Z] [ingest] [ora] summary: {'drafts': 2, 'blocks': 0, 'wrote': 0, 'skipped': 0, 'invalid': 0}
[2026-08-05T01:10:07.088389Z] [ingest] [grissom] empty draft: handy-hearts-instagram-carousel-2026-08-03.md
[2026-08-05T01:10:07.088503Z] [ingest] [grissom] empty draft: handy-hearts-pinterest-pin-2026-08-03.md
[2026-08-05T01:10:07.088611Z] [ingest] [grissom] empty draft: handy-hearts-tiktok-launch-2026-08-03.md
[2026-08-05T01:10:07.088716Z] [ingest] [grissom] empty draft: handy-hearts-tiktok-nancy-wes-tease-2026-08-03.md
[2026-08-05T01:10:07.088846Z] [ingest] [grissom] empty draft: handy-hearts-tiktok-tropes-trench-coat-2026-08-03.md
[2026-08-05T01:10:07.088921Z] [ingest] [grissom] summary: {'drafts': 5, 'blocks': 0, 'wrote': 0, 'skipped': 0, 'invalid': 0}
[2026-08-05T01:10:07.089079Z] [ingest] [familybook] summary: {'drafts': 0, 'blocks': 0, 'wrote': 0, 'skipped': 0, 'invalid': 0}
[2026-08-05T01:10:07.089146Z] [ingest] TOTAL: {'drafts': 7, 'blocks': 0, 'wrote': 0, 'skipped': 0, 'invalid': 0}
[2026-08-05T04:49:29.153632Z] [ingest] Ingest tick — brands=['ora', 'grissom', 'familybook'] dry_run=False
[2026-08-05T04:49:29.154693Z] [ingest] [ora] empty draft: 3am-idea-tiktok-2026-08-03.md
[2026-08-05T04:49:29.154818Z] [ingest] [ora] empty draft: self-serve-test-2026-08-03.md
[2026-08-05T04:49:29.154886Z] [ingest] [ora] summary: {'drafts': 2, 'blocks': 0, 'wrote': 0, 'skipped': 0, 'invalid': 0}
[2026-08-05T04:49:29.155213Z] [ingest] [grissom] empty draft: handy-hearts-instagram-carousel-2026-08-03.md
[2026-08-05T04:49:29.155332Z] [ingest] [grissom] empty draft: handy-hearts-pinterest-pin-2026-08-03.md
[2026-08-05T04:49:29.155443Z] [ingest] [grissom] empty draft: handy-hearts-tiktok-launch-2026-08-03.md
[2026-08-05T04:49:29.155552Z] [ingest] [grissom] empty draft: handy-hearts-tiktok-nancy-wes-tease-2026-08-03.md
[2026-08-05T04:49:29.155660Z] [ingest] [grissom] empty draft: handy-hearts-tiktok-tropes-trench-coat-2026-08-03.md
[2026-08-05T04:49:29.155724Z] [ingest] [grissom] summary: {'drafts': 5, 'blocks': 0, 'wrote': 0, 'skipped': 0, 'invalid': 0}
[2026-08-05T04:49:29.155911Z] [ingest] [familybook] summary: {'drafts': 0, 'blocks': 0, 'wrote': 0, 'skipped': 0, 'invalid': 0}
[2026-08-05T04:49:29.155980Z] [ingest] TOTAL: {'drafts': 7, 'blocks': 0, 'wrote': 0, 'skipped': 0, 'invalid': 0}
[2026-08-05T07:28:24.793045Z] [ingest] Ingest tick — brands=['ora', 'grissom', 'familybook'] dry_run=False
[2026-08-05T07:28:24.794095Z] [ingest] [ora] empty draft: 3am-idea-tiktok-2026-08-03.md
[2026-08-05T07:28:24.794222Z] [ingest] [ora] empty draft: self-serve-test-2026-08-03.md
[2026-08-05T07:28:24.794300Z] [ingest] [ora] summary: {'drafts': 2, 'blocks': 0, 'wrote': 0, 'skipped': 0, 'invalid': 0}
[2026-08-05T07:28:24.794669Z] [ingest] [grissom] empty draft: handy-hearts-instagram-carousel-2026-08-03.md
[2026-08-05T07:28:24.794794Z] [ingest] [grissom] empty draft: handy-hearts-pinterest-pin-2026-08-03.md
[2026-08-05T07:28:24.794917Z] [ingest] [grissom] empty draft: handy-hearts-tiktok-launch-2026-08-03.md
[2026-08-05T07:28:24.795033Z] [ingest] [grissom] empty draft: handy-hearts-tiktok-nancy-wes-tease-2026-08-03.md
[2026-08-05T07:28:24.795150Z] [ingest] [grissom] empty draft: handy-hearts-tiktok-tropes-trench-coat-2026-08-03.md
[2026-08-05T07:28:24.795220Z] [ingest] [grissom] summary: {'drafts': 5, 'blocks': 0, 'wrote': 0, 'skipped': 0, 'invalid': 0}
[2026-08-05T07:28:24.795448Z] [ingest] [familybook] summary: {'drafts': 0, 'blocks': 0, 'wrote': 0, 'skipped': 0, 'invalid': 0}
[2026-08-05T07:28:24.795519Z] [ingest] TOTAL: {'drafts': 7, 'blocks': 0, 'wrote': 0, 'skipped': 0, 'invalid': 0}
[2026-08-05T10:17:02.976699Z] [ingest] Ingest tick — brands=['ora', 'grissom', 'familybook'] dry_run=False
[2026-08-05T10:17:02.981760Z] [ingest] [ora] empty draft: 3am-idea-tiktok-2026-08-03.md
[2026-08-05T10:17:02.981938Z] [ingest] [ora] empty draft: self-serve-test-2026-08-03.md
[2026-08-05T10:17:02.982036Z] [ingest] [ora] summary: {'drafts': 2, 'blocks': 0, 'wrote': 0, 'skipped': 0, 'invalid': 0}
[2026-08-05T10:17:02.982451Z] [ingest] [grissom] empty draft: handy-hearts-instagram-carousel-2026-08-03.md
[2026-08-05T10:17:02.982592Z] [ingest] [grissom] empty draft: handy-hearts-pinterest-pin-2026-08-03.md
[2026-08-05T10:17:02.982729Z] [ingest] [grissom] empty draft: handy-hearts-tiktok-launch-2026-08-03.md
[2026-08-05T10:17:02.982878Z] [ingest] [grissom] empty draft: handy-hearts-tiktok-nancy-wes-tease-2026-08-03.md
[2026-08-05T10:17:02.983006Z] [ingest] [grissom] empty draft: handy-hearts-tiktok-tropes-trench-coat-2026-08-03.md
[2026-08-05T10:17:02.983080Z] [ingest] [grissom] summary: {'drafts': 5, 'blocks': 0, 'wrote': 0, 'skipped': 0, 'invalid': 0}
[2026-08-05T10:17:02.983255Z] [ingest] [familybook] summary: {'drafts': 0, 'blocks': 0, 'wrote': 0, 'skipped': 0, 'invalid': 0}
[2026-08-05T10:17:02.983324Z] [ingest] TOTAL: {'drafts': 7, 'blocks': 0, 'wrote': 0, 'skipped': 0, 'invalid': 0}
[2026-08-06T02:44:48.762575Z] [ingest] Ingest tick — brands=['ora', 'grissom', 'familybook'] dry_run=False
[2026-08-06T02:44:48.762973Z] [ingest] [ora] empty draft: 3am-idea-tiktok-2026-08-03.md
[2026-08-06T02:44:48.763071Z] [ingest] [ora] empty draft: self-serve-test-2026-08-03.md
[2026-08-06T02:44:48.763128Z] [ingest] [ora] summary: {'drafts': 2, 'blocks': 0, 'wrote': 0, 'skipped': 0, 'invalid': 0}
[2026-08-06T02:44:48.763605Z] [ingest] [grissom] wrote: 2026-08-06 14:00 UTC (id=a5ae8c45a65d, platforms=['bluesky']) -> brands/grissom/posts/2026-08-06.md
[2026-08-06T02:44:48.763734Z] [ingest] [grissom] archived draft -> clone_drafts/grissom/_processed/20260806T024448Z__handy-hearts-bluesky-widow-ring-2026-08-04.md
[2026-08-06T02:44:48.763836Z] [ingest] [grissom] empty draft: handy-hearts-instagram-carousel-2026-08-03.md
[2026-08-06T02:44:48.763960Z] [ingest] [grissom] SKIP: instagram/pinterest requires image path
[2026-08-06T02:44:48.764032Z] [ingest] [grissom] SKIP: no platforms listed
[2026-08-06T02:44:48.764154Z] [ingest] [grissom] SKIP: instagram/pinterest requires image path
[2026-08-06T02:44:48.764228Z] [ingest] [grissom] SKIP: no platforms listed
[2026-08-06T02:44:48.764305Z] [ingest] [grissom] empty draft: handy-hearts-pinterest-pin-2026-08-03.md
[2026-08-06T02:44:48.764519Z] [ingest] [grissom] wrote: 2026-08-06 19:00 UTC (id=e44aca25b8c3, platforms=['threads']) -> brands/grissom/posts/2026-08-06.md
[2026-08-06T02:44:48.764616Z] [ingest] [grissom] archived draft -> clone_drafts/grissom/_processed/20260806T024448Z__handy-hearts-threads-ensemble-2026-08-05.md
[2026-08-06T02:44:48.764796Z] [ingest] [grissom] wrote: 2026-08-06 23:00 UTC (id=fed97e1418da, platforms=['threads']) -> brands/grissom/posts/2026-08-06.md
[2026-08-06T02:44:48.764892Z] [ingest] [grissom] archived draft -> clone_drafts/grissom/_processed/20260806T024448Z__handy-hearts-threads-widow-ring-2026-08-04.md
[2026-08-06T02:44:48.764961Z] [ingest] [grissom] empty draft: handy-hearts-tiktok-launch-2026-08-03.md
[2026-08-06T02:44:48.765012Z] [ingest] [grissom] empty draft: handy-hearts-tiktok-nancy-wes-tease-2026-08-03.md
[2026-08-06T02:44:48.765059Z] [ingest] [grissom] empty draft: handy-hearts-tiktok-tropes-trench-coat-2026-08-03.md
[2026-08-06T02:44:48.765089Z] [ingest] [grissom] summary: {'drafts': 10, 'blocks': 7, 'wrote': 3, 'skipped': 0, 'invalid': 4}
[2026-08-06T02:44:48.765221Z] [ingest] [familybook] summary: {'drafts': 0, 'blocks': 0, 'wrote': 0, 'skipped': 0, 'invalid': 0}
[2026-08-06T02:44:48.765271Z] [ingest] TOTAL: {'drafts': 12, 'blocks': 7, 'wrote': 3, 'skipped': 0, 'invalid': 4}
[2026-08-06T02:51:08.041879Z] [ingest] Ingest tick — brands=['ora', 'grissom', 'familybook'] dry_run=False
[2026-08-06T02:51:08.043010Z] [ingest] [ora] empty draft: 3am-idea-tiktok-2026-08-03.md
[2026-08-06T02:51:08.043149Z] [ingest] [ora] empty draft: self-serve-test-2026-08-03.md
[2026-08-06T02:51:08.043244Z] [ingest] [ora] summary: {'drafts': 2, 'blocks': 0, 'wrote': 0, 'skipped': 0, 'invalid': 0}
[2026-08-06T02:51:08.043899Z] [ingest] [grissom] wrote: 2026-08-07 14:00 UTC (id=975ca529614a, platforms=['bluesky']) -> brands/grissom/posts/2026-08-07.md
[2026-08-06T02:51:08.044090Z] [ingest] [grissom] archived draft -> clone_drafts/grissom/_processed/20260806T025108Z__handy-hearts-bluesky-widow-ring-2026-08-07.md
[2026-08-06T02:51:08.044225Z] [ingest] [grissom] empty draft: handy-hearts-instagram-carousel-2026-08-03.md
[2026-08-06T02:51:08.044895Z] [ingest] [grissom] SKIP: no open slot on 2026-08-06
[2026-08-06T02:51:08.045006Z] [ingest] [grissom] SKIP: no open slot on 2026-08-06
[2026-08-06T02:51:08.045198Z] [ingest] [grissom] SKIP: no open slot on 2026-08-06
[2026-08-06T02:51:08.045294Z] [ingest] [grissom] SKIP: no open slot on 2026-08-06
[2026-08-06T02:51:08.045414Z] [ingest] [grissom] empty draft: handy-hearts-pinterest-pin-2026-08-03.md
[2026-08-06T02:51:08.045774Z] [ingest] [grissom] wrote: 2026-08-07 19:00 UTC (id=5fbe99b3fc7a, platforms=['threads']) -> brands/grissom/posts/2026-08-07.md
[2026-08-06T02:51:08.045944Z] [ingest] [grissom] archived draft -> clone_drafts/grissom/_processed/20260806T025108Z__handy-hearts-threads-ensemble-2026-08-07.md
[2026-08-06T02:51:08.046251Z] [ingest] [grissom] wrote: 2026-08-07 23:00 UTC (id=7255a6bfbfb1, platforms=['threads']) -> brands/grissom/posts/2026-08-07.md
[2026-08-06T02:51:08.046392Z] [ingest] [grissom] archived draft -> clone_drafts/grissom/_processed/20260806T025108Z__handy-hearts-threads-widow-ring-2026-08-07.md
[2026-08-06T02:51:08.046548Z] [ingest] [grissom] empty draft: handy-hearts-tiktok-launch-2026-08-03.md
[2026-08-06T02:51:08.046666Z] [ingest] [grissom] empty draft: handy-hearts-tiktok-nancy-wes-tease-2026-08-03.md
[2026-08-06T02:51:08.046772Z] [ingest] [grissom] empty draft: handy-hearts-tiktok-tropes-trench-coat-2026-08-03.md
[2026-08-06T02:51:08.046848Z] [ingest] [grissom] summary: {'drafts': 10, 'blocks': 7, 'wrote': 3, 'skipped': 0, 'invalid': 4}
[2026-08-06T02:51:08.047040Z] [ingest] [familybook] summary: {'drafts': 0, 'blocks': 0, 'wrote': 0, 'skipped': 0, 'invalid': 0}
[2026-08-06T02:51:08.047113Z] [ingest] TOTAL: {'drafts': 12, 'blocks': 7, 'wrote': 3, 'skipped': 0, 'invalid': 4}
[2026-08-06T04:49:38.337046Z] [ingest] Ingest tick — brands=['ora', 'grissom', 'familybook'] dry_run=False
[2026-08-06T04:49:38.337795Z] [ingest] [ora] empty draft: 3am-idea-tiktok-2026-08-03.md
[2026-08-06T04:49:38.337909Z] [ingest] [ora] empty draft: self-serve-test-2026-08-03.md
[2026-08-06T04:49:38.337980Z] [ingest] [ora] summary: {'drafts': 2, 'blocks': 0, 'wrote': 0, 'skipped': 0, 'invalid': 0}
[2026-08-06T04:49:38.339031Z] [ingest] [grissom] wrote: 2026-08-10 23:00 UTC (id=02136f7b8290, platforms=['bluesky']) -> brands/grissom/posts/2026-08-10.md
[2026-08-06T04:49:38.339218Z] [ingest] [grissom] archived draft -> clone_drafts/grissom/_processed/20260806T044938Z__grissom-bluesky-2026-08-10.md
[2026-08-06T04:49:38.339528Z] [ingest] [grissom] SKIP: no open slot on 2026-08-06
[2026-08-06T04:49:38.339662Z] [ingest] [grissom] SKIP: no open slot on 2026-08-06
[2026-08-06T04:49:38.339779Z] [ingest] [grissom] SKIP: no open slot on 2026-08-06
[2026-08-06T04:49:38.339905Z] [ingest] [grissom] SKIP: no open slot on 2026-08-06
[2026-08-06T04:49:38.340026Z] [ingest] [grissom] SKIP: no open slot on 2026-08-06
[2026-08-06T04:49:38.340137Z] [ingest] [grissom] SKIP: no open slot on 2026-08-06
[2026-08-06T04:49:38.340271Z] [ingest] [grissom] SKIP: no open slot on 2026-08-06
[2026-08-06T04:49:38.340392Z] [ingest] [grissom] SKIP: no open slot on 2026-08-06
[2026-08-06T04:49:38.340513Z] [ingest] [grissom] SKIP: no open slot on 2026-08-06
[2026-08-06T04:49:38.340644Z] [ingest] [grissom] SKIP: no open slot on 2026-08-06
[2026-08-06T04:49:38.340767Z] [ingest] [grissom] SKIP: no open slot on 2026-08-06
[2026-08-06T04:49:38.340885Z] [ingest] [grissom] SKIP: no open slot on 2026-08-06
[2026-08-06T04:49:38.341001Z] [ingest] [grissom] SKIP: no open slot on 2026-08-06
[2026-08-06T04:49:38.341115Z] [ingest] [grissom] SKIP: no open slot on 2026-08-06
[2026-08-06T04:49:38.341251Z] [ingest] [grissom] SKIP: no open slot on 2026-08-06
[2026-08-06T04:49:38.341350Z] [ingest] [grissom] empty draft: handy-hearts-instagram-carousel-2026-08-03.md
[2026-08-06T04:49:38.341461Z] [ingest] [grissom] SKIP: no open slot on 2026-08-06
[2026-08-06T04:49:38.341576Z] [ingest] [grissom] SKIP: no open slot on 2026-08-06
[2026-08-06T04:49:38.341688Z] [ingest] [grissom] SKIP: no open slot on 2026-08-06
[2026-08-06T04:49:38.341829Z] [ingest] [grissom] SKIP: no open slot on 2026-08-06
[2026-08-06T04:49:38.341915Z] [ingest] [grissom] SKIP: no open slot on 2026-08-06
[2026-08-06T04:49:38.342044Z] [ingest] [grissom] SKIP: no open slot on 2026-08-06
[2026-08-06T04:49:38.342126Z] [ingest] [grissom] SKIP: no open slot on 2026-08-06
[2026-08-06T04:49:38.342274Z] [ingest] [grissom] SKIP: no open slot on 2026-08-06
[2026-08-06T04:49:38.342354Z] [ingest] [grissom] SKIP: no open slot on 2026-08-06
[2026-08-06T04:49:38.342479Z] [ingest] [grissom] SKIP: no open slot on 2026-08-06
[2026-08-06T04:49:38.342556Z] [ingest] [grissom] SKIP: no open slot on 2026-08-06
[2026-08-06T04:49:38.342678Z] [ingest] [grissom] SKIP: no open slot on 2026-08-06
[2026-08-06T04:49:38.342755Z] [ingest] [grissom] SKIP: no open slot on 2026-08-06
[2026-08-06T04:49:38.342888Z] [ingest] [grissom] SKIP: no open slot on 2026-08-06
[2026-08-06T04:49:38.343013Z] [ingest] [grissom] SKIP: no open slot on 2026-08-06
[2026-08-06T04:49:38.343089Z] [ingest] [grissom] SKIP: no open slot on 2026-08-06
[2026-08-06T04:49:38.343232Z] [ingest] [grissom] SKIP: no open slot on 2026-08-06
[2026-08-06T04:49:38.343308Z] [ingest] [grissom] SKIP: no open slot on 2026-08-06
[2026-08-06T04:49:38.343437Z] [ingest] [grissom] SKIP: no open slot on 2026-08-06
[2026-08-06T04:49:38.343513Z] [ingest] [grissom] SKIP: no open slot on 2026-08-06
[2026-08-06T04:49:38.343640Z] [ingest] [grissom] SKIP: no open slot on 2026-08-06
[2026-08-06T04:49:38.343716Z] [ingest] [grissom] SKIP: no open slot on 2026-08-06
[2026-08-06T04:49:38.343839Z] [ingest] [grissom] SKIP: no open slot on 2026-08-06
[2026-08-06T04:49:38.343915Z] [ingest] [grissom] SKIP: no open slot on 2026-08-06
[2026-08-06T04:49:38.344039Z] [ingest] [grissom] SKIP: no open slot on 2026-08-06
[2026-08-06T04:49:38.344183Z] [ingest] [grissom] SKIP: no open slot on 2026-08-06
[2026-08-06T04:49:38.344265Z] [ingest] [grissom] SKIP: no open slot on 2026-08-06
[2026-08-06T04:49:38.344357Z] [ingest] [grissom] empty draft: handy-hearts-pinterest-pin-2026-08-03.md
[2026-08-06T04:49:38.344479Z] [ingest] [grissom] SKIP: no open slot on 2026-08-06
[2026-08-06T04:49:38.344556Z] [ingest] [grissom] SKIP: no open slot on 2026-08-06
[2026-08-06T04:49:38.344654Z] [ingest] [grissom] SKIP: no open slot on 2026-08-06
[2026-08-06T04:49:38.344770Z] [ingest] [grissom] SKIP: no open slot on 2026-08-06
[2026-08-06T04:49:38.344876Z] [ingest] [grissom] SKIP: no open slot on 2026-08-06
[2026-08-06T04:49:38.344976Z] [ingest] [grissom] SKIP: no open slot on 2026-08-06
[2026-08-06T04:49:38.345074Z] [ingest] [grissom] SKIP: no open slot on 2026-08-06
[2026-08-06T04:49:38.345193Z] [ingest] [grissom] SKIP: no open slot on 2026-08-06
[2026-08-06T04:49:38.345297Z] [ingest] [grissom] SKIP: no open slot on 2026-08-06
[2026-08-06T04:49:38.345392Z] [ingest] [grissom] SKIP: no open slot on 2026-08-06
[2026-08-06T04:49:38.345486Z] [ingest] [grissom] SKIP: no open slot on 2026-08-06
[2026-08-06T04:49:38.345581Z] [ingest] [grissom] SKIP: no open slot on 2026-08-06
[2026-08-06T04:49:38.345691Z] [ingest] [grissom] SKIP: no open slot on 2026-08-06
[2026-08-06T04:49:38.345794Z] [ingest] [grissom] SKIP: no open slot on 2026-08-06
[2026-08-06T04:49:38.345903Z] [ingest] [grissom] SKIP: no open slot on 2026-08-06
[2026-08-06T04:49:38.346024Z] [ingest] [grissom] SKIP: no open slot on 2026-08-06
[2026-08-06T04:49:38.346115Z] [ingest] [grissom] empty draft: handy-hearts-tiktok-launch-2026-08-03.md
[2026-08-06T04:49:38.346247Z] [ingest] [grissom] SKIP: no open slot on 2026-08-06
[2026-08-06T04:49:38.346355Z] [ingest] [grissom] SKIP: no open slot on 2026-08-06
[2026-08-06T04:49:38.346439Z] [ingest] [grissom] empty draft: handy-hearts-tiktok-nancy-wes-tease-2026-08-03.md
[2026-08-06T04:49:38.346545Z] [ingest] [grissom] SKIP: no open slot on 2026-08-06
[2026-08-06T04:49:38.346652Z] [ingest] [grissom] SKIP: no open slot on 2026-08-06
[2026-08-06T04:49:38.346737Z] [ingest] [grissom] empty draft: handy-hearts-tiktok-tropes-trench-coat-2026-08-03.md
[2026-08-06T04:49:38.346841Z] [ingest] [grissom] SKIP: no open slot on 2026-08-06
[2026-08-06T04:49:38.346906Z] [ingest] [grissom] summary: {'drafts': 57, 'blocks': 64, 'wrote': 1, 'skipped': 0, 'invalid': 63}
[2026-08-06T04:49:38.347071Z] [ingest] [familybook] summary: {'drafts': 0, 'blocks': 0, 'wrote': 0, 'skipped': 0, 'invalid': 0}
[2026-08-06T04:49:38.347130Z] [ingest] TOTAL: {'drafts': 59, 'blocks': 64, 'wrote': 1, 'skipped': 0, 'invalid': 63}
[2026-08-06T14:52:27.780403Z] [ingest] Ingest tick — brands=['ora', 'grissom', 'familybook'] dry_run=False
[2026-08-06T14:52:27.780746Z] [ingest] [ora] empty draft: 3am-idea-tiktok-2026-08-03.md
[2026-08-06T14:52:27.780826Z] [ingest] [ora] empty draft: self-serve-test-2026-08-03.md
[2026-08-06T14:52:27.780876Z] [ingest] [ora] summary: {'drafts': 2, 'blocks': 0, 'wrote': 0, 'skipped': 0, 'invalid': 0}
[2026-08-06T14:52:27.781829Z] [ingest] [grissom] wrote: 2026-08-16 15:00 UTC (id=6c2fee7aaabe, platforms=['bluesky']) -> brands/grissom/posts/2026-08-16.md
[2026-08-06T14:52:27.781951Z] [ingest] [grissom] archived draft -> clone_drafts/grissom/_processed/20260806T145227Z__handy-hearts-bluesky-ama-2026-08-16.md
[2026-08-06T14:52:27.782230Z] [ingest] [grissom] wrote: 2026-08-12 23:00 UTC (id=489aa06a17d3, platforms=['bluesky']) -> brands/grissom/posts/2026-08-12.md
[2026-08-06T14:52:27.782328Z] [ingest] [grissom] archived draft -> clone_drafts/grissom/_processed/20260806T145227Z__handy-hearts-bluesky-dana-grief-2026-08-12.md
[2026-08-06T14:52:27.782575Z] [ingest] [grissom] wrote: 2026-08-11 23:00 UTC (id=ce316b989b19, platforms=['bluesky']) -> brands/grissom/posts/2026-08-11.md
[2026-08-06T14:52:27.782663Z] [ingest] [grissom] archived draft -> clone_drafts/grissom/_processed/20260806T145227Z__handy-hearts-bluesky-don-2026-08-11.md
[2026-08-06T14:52:27.782861Z] [ingest] [grissom] wrote: 2026-08-14 22:00 UTC (id=22138760b67b, platforms=['bluesky']) -> brands/grissom/posts/2026-08-14.md
[2026-08-06T14:52:27.782932Z] [ingest] [grissom] archived draft -> clone_drafts/grissom/_processed/20260806T145227Z__handy-hearts-bluesky-porch-teaser-2026-08-14.md
[2026-08-06T14:52:27.783148Z] [ingest] [grissom] wrote: 2026-08-08 00:00 UTC (id=21e0cad4e560, platforms=['bluesky']) -> brands/grissom/posts/2026-08-08.md
[2026-08-06T14:52:27.783238Z] [ingest] [grissom] archived draft -> clone_drafts/grissom/_processed/20260806T145227Z__handy-hearts-bluesky-preorder-2026-08-07.md
[2026-08-06T14:52:27.783442Z] [ingest] [grissom] wrote: 2026-08-09 16:00 UTC (id=ccb38b1243fe, platforms=['bluesky']) -> brands/grissom/posts/2026-08-09.md
[2026-08-06T14:52:27.783532Z] [ingest] [grissom] archived draft -> clone_drafts/grissom/_processed/20260806T145227Z__handy-hearts-bluesky-sunday-coffee-2026-08-09.md
[2026-08-06T14:52:27.783757Z] [ingest] [grissom] wrote: 2026-08-04 23:00 UTC (id=8dd3f9db1e2a, platforms=['bluesky']) -> brands/grissom/posts/2026-08-04.md
[2026-08-06T14:52:27.783847Z] [ingest] [grissom] archived draft -> clone_drafts/grissom/_processed/20260806T145227Z__handy-hearts-bluesky-widow-ring-2026-08-04.md
[2026-08-06T14:52:27.783961Z] [ingest] [grissom] SKIP: no open slot on 2026-08-06
[2026-08-06T14:52:27.784099Z] [ingest] [grissom] SKIP: unknown platforms ['instagram-carousel']
[2026-08-06T14:52:27.784211Z] [ingest] [grissom] SKIP: unknown platforms ['instagram-carousel']
[2026-08-06T14:52:27.784326Z] [ingest] [grissom] SKIP: unknown platforms ['instagram-carousel']
[2026-08-06T14:52:27.784431Z] [ingest] [grissom] SKIP: unknown platforms ['instagram-carousel']
[2026-08-06T14:52:27.784536Z] [ingest] [grissom] SKIP: unknown platforms ['instagram-reel']
[2026-08-06T14:52:27.784639Z] [ingest] [grissom] SKIP: unknown platforms ['instagram-reel']
[2026-08-06T14:52:27.784735Z] [ingest] [grissom] SKIP: unknown platforms ['instagram-reel']
[2026-08-06T14:52:27.784817Z] [ingest] [grissom] empty draft: handy-hearts-instagram-carousel-2026-08-03.md
[2026-08-06T14:52:27.785067Z] [ingest] [grissom] wrote: 2026-08-11 01:00 UTC (id=60b9a009507d, platforms=['linkedin']) -> brands/grissom/posts/2026-08-11.md
[2026-08-06T14:52:27.785168Z] [ingest] [grissom] archived draft -> clone_drafts/grissom/_processed/20260806T145227Z__handy-hearts-linkedin-chapter-structure-2026-08-10.md
[2026-08-06T14:52:27.785394Z] [ingest] [grissom] wrote: 2026-08-10 13:00 UTC (id=79b8716b44a8, platforms=['linkedin']) -> brands/grissom/posts/2026-08-10.md
[2026-08-06T14:52:27.785485Z] [ingest] [grissom] archived draft -> clone_drafts/grissom/_processed/20260806T145227Z__handy-hearts-linkedin-grumpy-sunshine-2026-08-10.md
[2026-08-06T14:52:27.785701Z] [ingest] [grissom] wrote: 2026-08-06 13:00 UTC (id=2c7c225e352f, platforms=['linkedin']) -> brands/grissom/posts/2026-08-06.md
[2026-08-06T14:52:27.785792Z] [ingest] [grissom] archived draft -> clone_drafts/grissom/_processed/20260806T145227Z__handy-hearts-linkedin-voice-notes-craft-2026-08-06.md
[2026-08-06T14:52:27.785913Z] [ingest] [grissom] SKIP: instagram/pinterest requires image path
[2026-08-06T14:52:27.785971Z] [ingest] [grissom] SKIP: no open slot on 2026-08-06
[2026-08-06T14:52:27.786103Z] [ingest] [grissom] SKIP: instagram/pinterest requires image path
[2026-08-06T14:52:27.786161Z] [ingest] [grissom] SKIP: no open slot on 2026-08-06
[2026-08-06T14:52:27.786271Z] [ingest] [grissom] SKIP: instagram/pinterest requires image path
[2026-08-06T14:52:27.786323Z] [ingest] [grissom] SKIP: no open slot on 2026-08-06
[2026-08-06T14:52:27.786425Z] [ingest] [grissom] SKIP: instagram/pinterest requires image path
[2026-08-06T14:52:27.786480Z] [ingest] [grissom] SKIP: no open slot on 2026-08-06
[2026-08-06T14:52:27.786581Z] [ingest] [grissom] SKIP: instagram/pinterest requires image path
[2026-08-06T14:52:27.786636Z] [ingest] [grissom] SKIP: no open slot on 2026-08-06
[2026-08-06T14:52:27.786756Z] [ingest] [grissom] SKIP: instagram/pinterest requires image path
[2026-08-06T14:52:27.786863Z] [ingest] [grissom] SKIP: instagram/pinterest requires image path
[2026-08-06T14:52:27.786918Z] [ingest] [grissom] SKIP: no open slot on 2026-08-06
[2026-08-06T14:52:27.787038Z] [ingest] [grissom] SKIP: instagram/pinterest requires image path
[2026-08-06T14:52:27.787098Z] [ingest] [grissom] SKIP: no open slot on 2026-08-06
[2026-08-06T14:52:27.787204Z] [ingest] [grissom] SKIP: instagram/pinterest requires image path
[2026-08-06T14:52:27.787259Z] [ingest] [grissom] SKIP: no open slot on 2026-08-06
[2026-08-06T14:52:27.787365Z] [ingest] [grissom] SKIP: instagram/pinterest requires image path
[2026-08-06T14:52:27.787421Z] [ingest] [grissom] SKIP: no open slot on 2026-08-06
[2026-08-06T14:52:27.787525Z] [ingest] [grissom] SKIP: instagram/pinterest requires image path
[2026-08-06T14:52:27.787579Z] [ingest] [grissom] SKIP: no open slot on 2026-08-06
[2026-08-06T14:52:27.787685Z] [ingest] [grissom] SKIP: instagram/pinterest requires image path
[2026-08-06T14:52:27.787785Z] [ingest] [grissom] SKIP: instagram/pinterest requires image path
[2026-08-06T14:52:27.787838Z] [ingest] [grissom] SKIP: no open slot on 2026-08-06
[2026-08-06T14:52:27.787909Z] [ingest] [grissom] empty draft: handy-hearts-pinterest-pin-2026-08-03.md
[2026-08-06T14:52:27.788025Z] [ingest] [grissom] SKIP: instagram/pinterest requires image path
[2026-08-06T14:52:27.788082Z] [ingest] [grissom] SKIP: no open slot on 2026-08-06
[2026-08-06T14:52:27.788302Z] [ingest] [grissom] wrote: 2026-08-17 17:00 UTC (id=4bd76353558d, platforms=['threads']) -> brands/grissom/posts/2026-08-17.md
[2026-08-06T14:52:27.788409Z] [ingest] [grissom] archived draft -> clone_drafts/grissom/_processed/20260806T145227Z__handy-hearts-threads-3weeks-2026-08-17.md
[2026-08-06T14:52:27.788621Z] [ingest] [grissom] wrote: 2026-08-17 01:00 UTC (id=13da02925688, platforms=['threads']) -> brands/grissom/posts/2026-08-17.md
[2026-08-06T14:52:27.788714Z] [ingest] [grissom] archived draft -> clone_drafts/grissom/_processed/20260806T145227Z__handy-hearts-threads-ama-recap-2026-08-16.md
[2026-08-06T14:52:27.788939Z] [ingest] [grissom] wrote: 2026-08-13 23:00 UTC (id=a583b0bb3800, platforms=['threads']) -> brands/grissom/posts/2026-08-13.md
[2026-08-06T14:52:27.789050Z] [ingest] [grissom] archived draft -> clone_drafts/grissom/_processed/20260806T145227Z__handy-hearts-threads-arc-signup-2026-08-13.md
[2026-08-06T14:52:27.789268Z] [ingest] [grissom] wrote: 2026-08-14 20:00 UTC (id=a31abc92fe5b, platforms=['threads']) -> brands/grissom/posts/2026-08-14.md
[2026-08-06T14:52:27.789359Z] [ingest] [grissom] archived draft -> clone_drafts/grissom/_processed/20260806T145227Z__handy-hearts-threads-chapter3-2026-08-14.md
[2026-08-06T14:52:27.789559Z] [ingest] [grissom] wrote: 2026-08-11 19:00 UTC (id=5dcb60ff246b, platforms=['threads']) -> brands/grissom/posts/2026-08-11.md
[2026-08-06T14:52:27.789650Z] [ingest] [grissom] archived draft -> clone_drafts/grissom/_processed/20260806T145227Z__handy-hearts-threads-don-tools-2026-08-11.md
[2026-08-06T14:52:27.789872Z] [ingest] [grissom] wrote: 2026-08-05 19:00 UTC (id=8bc605e3c151, platforms=['threads']) -> brands/grissom/posts/2026-08-05.md
[2026-08-06T14:52:27.789963Z] [ingest] [grissom] archived draft -> clone_drafts/grissom/_processed/20260806T145227Z__handy-hearts-threads-ensemble-2026-08-05.md
[2026-08-06T14:52:27.790198Z] [ingest] [grissom] wrote: 2026-08-07 17:00 UTC (id=46bb769e8a16, platforms=['threads']) -> brands/grissom/posts/2026-08-07.md
[2026-08-06T14:52:27.790292Z] [ingest] [grissom] archived draft -> clone_drafts/grissom/_processed/20260806T145227Z__handy-hearts-threads-preorder-2026-08-07.md
[2026-08-06T14:52:27.790495Z] [ingest] [grissom] wrote: 2026-08-06 23:00 UTC (id=fcf2a7c536e3, platforms=['threads']) -> brands/grissom/posts/2026-08-06.md
[2026-08-06T14:52:27.790588Z] [ingest] [grissom] archived draft -> clone_drafts/grissom/_processed/20260806T145227Z__handy-hearts-threads-widow-craft-2026-08-06.md
[2026-08-06T14:52:27.790778Z] [ingest] [grissom] wrote: 2026-08-12 17:00 UTC (id=2e9862ec5d7d, platforms=['threads']) -> brands/grissom/posts/2026-08-12.md
[2026-08-06T14:52:27.790870Z] [ingest] [grissom] archived draft -> clone_drafts/grissom/_processed/20260806T145227Z__handy-hearts-threads-widow-pov-2026-08-12.md
[2026-08-06T14:52:27.791095Z] [ingest] [grissom] wrote: 2026-08-04 17:00 UTC (id=7403eb115d27, platforms=['threads']) -> brands/grissom/posts/2026-08-04.md
[2026-08-06T14:52:27.791188Z] [ingest] [grissom] archived draft -> clone_drafts/grissom/_processed/20260806T145227Z__handy-hearts-threads-widow-ring-2026-08-04.md
[2026-08-06T14:52:27.791292Z] [ingest] [grissom] SKIP: tiktok requires video path
[2026-08-06T14:52:27.791385Z] [ingest] [grissom] SKIP: tiktok requires video path
[2026-08-06T14:52:27.791483Z] [ingest] [grissom] SKIP: tiktok requires video path
[2026-08-06T14:52:27.791586Z] [ingest] [grissom] SKIP: tiktok requires video path
[2026-08-06T14:52:27.791666Z] [ingest] [grissom] empty draft: handy-hearts-tiktok-launch-2026-08-03.md
[2026-08-06T14:52:27.791760Z] [ingest] [grissom] SKIP: tiktok requires video path
[2026-08-06T14:52:27.791857Z] [ingest] [grissom] SKIP: tiktok requires video path
[2026-08-06T14:52:27.791933Z] [ingest] [grissom] empty draft: handy-hearts-tiktok-nancy-wes-tease-2026-08-03.md
[2026-08-06T14:52:27.792042Z] [ingest] [grissom] SKIP: tiktok requires video path
[2026-08-06T14:52:27.792148Z] [ingest] [grissom] SKIP: tiktok requires video path
[2026-08-06T14:52:27.792219Z] [ingest] [grissom] empty draft: handy-hearts-tiktok-tropes-trench-coat-2026-08-03.md
[2026-08-06T14:52:27.792309Z] [ingest] [grissom] SKIP: tiktok requires video path
[2026-08-06T14:52:27.792373Z] [ingest] [grissom] summary: {'drafts': 56, 'blocks': 63, 'wrote': 20, 'skipped': 0, 'invalid': 43}
[2026-08-06T14:52:27.792516Z] [ingest] [familybook] summary: {'drafts': 0, 'blocks': 0, 'wrote': 0, 'skipped': 0, 'invalid': 0}
[2026-08-06T14:52:27.792567Z] [ingest] TOTAL: {'drafts': 58, 'blocks': 63, 'wrote': 20, 'skipped': 0, 'invalid': 43}
