[2026-08-08T00:00:00Z] [grissom] [DRY] Pinterest pin: Cedar Hollow Morning - Small-Town Romance Aesthetic
[2026-08-08T00:00:00Z] [grissom] [DRY] Pinterest pin: Small-Town Diner - Cedar Hollow Romance Aesthetic
[2026-08-08T00:00:00Z] [grissom] [DRY] Pinterest pin: Old Porch. Summer Storm. Chapter 3.
[2026-08-08T00:00:00Z] [grissom] [DRY] Pinterest pin: Heroes Who Work with Their Hands - Romance Aesthetic TBR
[2026-08-08T00:00:00Z] [grissom] [DRY] Pinterest pin: Grief Does Not End. It Changes Shape. - Handy Hearts
[2026-08-09T00:00:00Z] [grissom] [DRY] Pinterest pin: Golden Hour in Cedar Hollow - Romance Book Aesthetic
[2026-08-09T00:00:00Z] [grissom] [DRY] Pinterest pin: Sunday Reading List - Small-Town Romance for Your TBR
[2026-08-09T00:00:00Z] [grissom] [DRY] Pinterest pin: The Quiet Before the Feeling - Handy Hearts Aesthetic
[2026-08-09T00:00:00Z] [grissom] [DRY] Pinterest pin: Rest Day in Cedar Hollow - Handy Hearts D.K. Grissom
[2026-08-11T00:00:00Z] [grissom] [DRY] Pinterest pin: Tropes in Handy Hearts - What to Expect - D.K. Grissom
[2026-08-11T00:00:00Z] [grissom] [DRY] Pinterest pin: Don Rourke - Blue Eyes, Blond Going Silver - Book Boyfriend
[2026-08-11T00:00:00Z] [grissom] [DRY] Pinterest pin: Sawdust and Silence - Don Rourke - Handy Hearts Romance
[2026-08-11T00:00:00Z] [grissom] [DRY] Pinterest pin: A Man with a Toolbox and No Small Talk - Handy Hearts
[2026-08-11T00:00:00Z] [grissom] [DRY] Pinterest pin: Navy Seabee Hero - Handy Hearts by D.K. Grissom
[2026-08-14T00:00:00Z] [grissom] [DRY] Pinterest pin: Be a First Reader - Handy Hearts ARC - D.K. Grissom
[2026-08-14T00:00:00Z] [grissom] [DRY] Pinterest pin: The Porch Scene - Chapter 3 - Handy Hearts Romance
[2026-08-14T00:00:00Z] [grissom] [DRY] Pinterest pin: Rain on a Oklahoma Porch - Handy Hearts Aesthetic
[2026-08-14T00:00:00Z] [grissom] [DRY] Pinterest pin: He Catches Her - Slow Burn Romance Moment - Handy Hearts
[2026-08-14T00:00:00Z] [grissom] [DRY] Pinterest pin: Neither of Them Says Anything - Handy Hearts Slow Burn
[2026-08-08T00:00:00Z] [grissom] [DRY] Pinterest pin: Cedar Hollow Morning - Small-Town Romance Aesthetic
[2026-08-08T00:00:00Z] [grissom] [DRY] Pinterest pin: Small-Town Diner - Cedar Hollow Romance Aesthetic
[2026-08-08T00:00:00Z] [grissom] [DRY] Pinterest pin: Old Porch. Summer Storm. Chapter 3.
[2026-08-08T00:00:00Z] [grissom] [DRY] Pinterest pin: Heroes Who Work with Their Hands - Romance Aesthetic TBR
[2026-08-08T00:00:00Z] [grissom] [DRY] Pinterest pin: Grief Does Not End. It Changes Shape. - Handy Hearts
[2026-08-09T00:00:00Z] [grissom] [DRY] Pinterest pin: Golden Hour in Cedar Hollow - Romance Book Aesthetic
[2026-08-09T00:00:00Z] [grissom] [DRY] Pinterest pin: Sunday Reading List - Small-Town Romance for Your TBR
[2026-08-09T00:00:00Z] [grissom] [DRY] Pinterest pin: The Quiet Before the Feeling - Handy Hearts Aesthetic
[2026-08-09T00:00:00Z] [grissom] [DRY] Pinterest pin: Rest Day in Cedar Hollow - Handy Hearts D.K. Grissom
[2026-08-11T00:00:00Z] [grissom] [DRY] Pinterest pin: Tropes in Handy Hearts - What to Expect - D.K. Grissom
[2026-08-11T00:00:00Z] [grissom] [DRY] Pinterest pin: Don Rourke - Blue Eyes, Blond Going Silver - Book Boyfriend
[2026-08-11T00:00:00Z] [grissom] [DRY] Pinterest pin: Sawdust and Silence - Don Rourke - Handy Hearts Romance
[2026-08-11T00:00:00Z] [grissom] [DRY] Pinterest pin: A Man with a Toolbox and No Small Talk - Handy Hearts
[2026-08-11T00:00:00Z] [grissom] [DRY] Pinterest pin: Navy Seabee Hero - Handy Hearts by D.K. Grissom
[2026-08-14T00:00:00Z] [grissom] [DRY] Pinterest pin: Be a First Reader - Handy Hearts ARC - D.K. Grissom
[2026-08-14T00:00:00Z] [grissom] [DRY] Pinterest pin: The Porch Scene - Chapter 3 - Handy Hearts Romance
[2026-08-14T00:00:00Z] [grissom] [DRY] Pinterest pin: Rain on a Oklahoma Porch - Handy Hearts Aesthetic
[2026-08-14T00:00:00Z] [grissom] [DRY] Pinterest pin: He Catches Her - Slow Burn Romance Moment - Handy Hearts
[2026-08-14T00:00:00Z] [grissom] [DRY] Pinterest pin: Neither of Them Says Anything - Handy Hearts Slow Burn
